Thu May 14 14:07:13 2026       
+-----------------------------------------------------------------------------------------+
| NVIDIA-SMI 595.58.03              Driver Version: 595.58.03      CUDA Version: 13.2     |
+-----------------------------------------+------------------------+----------------------+
| GPU  Name                 Persistence-M | Bus-Id          Disp.A | Volatile Uncorr. ECC |
| Fan  Temp   Perf          Pwr:Usage/Cap |           Memory-Usage | GPU-Util  Compute M. |
|                                         |                        |               MIG M. |
|=========================================+========================+======================|
|   0  NVIDIA H100                    On  |   00000000:26:00.0 Off |                    0 |
| N/A   33C    P0             67W /  700W |       0MiB /  95830MiB |      0%      Default |
|                                         |                        |             Disabled |
+-----------------------------------------+------------------------+----------------------+

+-----------------------------------------------------------------------------------------+
| Processes:                                                                              |
|  GPU   GI   CI              PID   Type   Process name                        GPU Memory |
|        ID   ID                                                               Usage      |
|=========================================================================================|
|  No running processes found                                                             |
+-----------------------------------------------------------------------------------------+
CUDA version: Cuda compilation tools, release 12.1, V12.1.105

========================================
  Running RULER for model: delta-baseline
========================================
Skip preparing niah_single_1 with lines: 500 to benchmark_root/delta-baseline/synthetic/131072/data/niah_single_1/validation.jsonl (file exists)
Predict niah_single_1 
from benchmark_root/delta-baseline/synthetic/131072/data/niah_single_1/validation.jsonl
to benchmark_root/delta-baseline/synthetic/131072/pred/niah_single_1.jsonl
[DeltaLlama] experiment=baseline
