\BOOKMARK [1][-]{section.1}{\376\377\000I\000n\000t\000r\000o\000d\000u\000c\000t\000i\000o\000n}{}% 1
\BOOKMARK [1][-]{section.2}{\376\377\000P\000r\000e\000l\000i\000m\000i\000n\000a\000r\000i\000e\000s}{}% 2
\BOOKMARK [2][-]{subsection.2.1}{\376\377\000T\000r\000a\000n\000s\000f\000o\000r\000m\000e\000r\000\040\000O\000v\000e\000r\000v\000i\000e\000w}{section.2}% 3
\BOOKMARK [2][-]{subsection.2.2}{\376\377\000A\000t\000t\000e\000n\000t\000i\000o\000n\000\040\000B\000l\000o\000c\000k}{section.2}% 4
\BOOKMARK [2][-]{subsection.2.3}{\376\377\000F\000l\000a\000s\000h\000A\000t\000t\000e\000n\000t\000i\000o\000n}{section.2}% 5
\BOOKMARK [2][-]{subsection.2.4}{\376\377\000L\000o\000c\000a\000l\000\040\000A\000t\000t\000e\000n\000t\000i\000o\000n\000\040\000W\000i\000n\000d\000o\000w}{section.2}% 6
\BOOKMARK [2][-]{subsection.2.5}{\376\377\000X\000A\000t\000t\000e\000n\000t\000i\000o\000n}{section.2}% 7
\BOOKMARK [1][-]{section.3}{\376\377\000O\000b\000s\000e\000r\000v\000a\000t\000i\000o\000n\000s}{}% 8
\BOOKMARK [2][-]{subsection.3.1}{\376\377\000K\000e\000y\000\040\000S\000i\000m\000i\000l\000a\000r\000i\000t\000y}{section.3}% 9
\BOOKMARK [2][-]{subsection.3.2}{\376\377\000Q\000u\000e\000r\000y\000\040\000S\000i\000m\000i\000l\000a\000r\000i\000t\000y}{section.3}% 10
\BOOKMARK [1][-]{section.4}{\376\377\000R\000e\000l\000a\000t\000e\000d\000\040\000W\000o\000r\000k}{}% 11
\BOOKMARK [1][-]{section.5}{\376\377\000M\000e\000t\000h\000o\000d\000o\000l\000o\000g\000y}{}% 12
\BOOKMARK [2][-]{subsection.5.1}{\376\377\000D\000e\000l\000t\000a\000-\000K\000V\000\040\000C\000o\000m\000p\000r\000e\000s\000s\000i\000o\000n}{section.5}% 13
\BOOKMARK [2][-]{subsection.5.2}{\376\377\000D\000e\000l\000t\000a\000X\000A\000t\000t\000e\000n\000t\000i\000o\000n}{section.5}% 14
\BOOKMARK [2][-]{subsection.5.3}{\376\377\000D\000e\000l\000t\000a\000-\000B\000a\000s\000e\000d\000\040\000T\000i\000l\000e\000\040\000S\000c\000o\000r\000i\000n\000g\000\040\000\050\000D\000P\000X\000A\000\051}{section.5}% 15
\BOOKMARK [1][-]{section.6}{\376\377\000E\000x\000p\000e\000r\000i\000m\000e\000n\000t\000a\000l\000\040\000S\000e\000t\000u\000p}{}% 16
\BOOKMARK [2][-]{subsection.6.1}{\376\377\000B\000e\000n\000c\000h\000m\000a\000r\000k\000s}{section.6}% 17
\BOOKMARK [2][-]{subsection.6.2}{\376\377\000S\000p\000e\000e\000d\000u\000p\000\040\000E\000x\000p\000e\000r\000i\000m\000e\000n\000t}{section.6}% 18
\BOOKMARK [1][-]{section.7}{\376\377\000R\000e\000s\000u\000l\000t\000s}{}% 19
\BOOKMARK [2][-]{subsection.7.1}{\376\377\000D\000e\000l\000t\000a\000-\000K\000V\000\040\000C\000o\000m\000p\000r\000e\000s\000s\000i\000o\000n}{section.7}% 20
\BOOKMARK [2][-]{subsection.7.2}{\376\377\000D\000e\000l\000t\000a\000X\000A\000t\000t\000e\000n\000t\000i\000o\000n}{section.7}% 21
\BOOKMARK [2][-]{subsection.7.3}{\376\377\000D\000e\000l\000t\000a\000-\000B\000a\000s\000e\000d\000\040\000T\000i\000l\000e\000\040\000S\000c\000o\000r\000i\000n\000g\000\040\000\050\000D\000P\000X\000A\000\051}{section.7}% 22
\BOOKMARK [1][-]{section.8}{\376\377\000C\000o\000n\000c\000l\000u\000s\000i\000o\000n}{}% 23
\BOOKMARK [2][-]{subsection.8.1}{\376\377\000D\000e\000l\000t\000a\000-\000K\000V\000\040\000C\000o\000m\000p\000r\000e\000s\000s\000i\000o\000n}{section.8}% 24
\BOOKMARK [2][-]{subsection.8.2}{\376\377\000D\000e\000l\000t\000a\000X\000a\000t\000t\000e\000n\000t\000i\000o\000n}{section.8}% 25
\BOOKMARK [2][-]{subsection.8.3}{\376\377\000D\000P\000X\000A}{section.8}% 26
\BOOKMARK [2][-]{subsection.8.4}{\376\377\000F\000u\000t\000u\000r\000e\000\040\000W\000o\000r\000k}{section.8}% 27
\BOOKMARK [2][-]{subsection.8.5}{\376\377\000S\000t\000r\000e\000n\000g\000t\000h\000s\000\040\000\046\000\040\000L\000i\000m\000i\000t\000a\000t\000i\000o\000n\000s}{section.8}% 28
