\BOOKMARK [1][-]{section.1}{\376\377\000I\000n\000t\000r\000o\000d\000u\000c\000t\000i\000o\000n}{}% 1
\BOOKMARK [1][-]{section.2}{\376\377\000R\000e\000l\000a\000t\000e\000d\000\040\000W\000o\000r\000k}{}% 2
\BOOKMARK [1][-]{section.3}{\376\377\000O\000b\000s\000e\000r\000v\000a\000t\000i\000o\000n\000s}{}% 3
\BOOKMARK [1][-]{section.4}{\376\377\000M\000e\000t\000h\000o\000d\000o\000l\000o\000g\000y}{}% 4
\BOOKMARK [2][-]{subsection.4.1}{\376\377\000D\000e\000l\000t\000a\000\040\000P\000a\000c\000k\000i\000n\000g}{section.4}% 5
\BOOKMARK [2][-]{subsection.4.2}{\376\377\000D\000e\000l\000t\000a\000-\000B\000a\000s\000e\000d\000\040\000T\000i\000l\000e\000\040\000S\000c\000o\000r\000i\000n\000g\000\040\000\050\000D\000T\000S\000\051}{section.4}% 6
\BOOKMARK [2][-]{subsection.4.3}{\376\377\000P\000e\000r\000-\000H\000e\000a\000d\000\040\000\040\000C\000a\000l\000i\000b\000r\000a\000t\000i\000o\000n}{section.4}% 7
\BOOKMARK [1][-]{section.5}{\376\377\000E\000x\000p\000e\000r\000i\000m\000e\000n\000t\000a\000l\000\040\000S\000e\000t\000u\000p}{}% 8
\BOOKMARK [2][-]{subsection.5.1}{\376\377\000B\000e\000n\000c\000h\000m\000a\000r\000k\000s}{section.5}% 9
\BOOKMARK [3][-]{subsubsection.5.1.1}{\376\377\000T\000e\000x\000t\000\040\000B\000e\000n\000c\000h\000m\000a\000r\000k\000s}{subsection.5.1}% 10
\BOOKMARK [3][-]{subsubsection.5.1.2}{\376\377\000V\000i\000d\000e\000o\000\040\000B\000e\000n\000c\000h\000m\000a\000r\000k\000s}{subsection.5.1}% 11
\BOOKMARK [2][-]{subsection.5.2}{\376\377\000S\000p\000e\000e\000d\000u\000p\000\040\000E\000x\000p\000e\000r\000i\000m\000e\000n\000t}{section.5}% 12
\BOOKMARK [1][-]{section.6}{\376\377\000R\000e\000s\000u\000l\000t\000s}{}% 13
\BOOKMARK [2][-]{subsection.6.1}{\376\377\000R\000U\000L\000E\000R}{section.6}% 14
\BOOKMARK [2][-]{subsection.6.2}{\376\377\000L\000o\000n\000g\000B\000e\000n\000c\000h}{section.6}% 15
\BOOKMARK [2][-]{subsection.6.3}{\376\377\000S\000p\000e\000e\000d\000u\000p\000\040\000a\000n\000d\000\040\000d\000i\000s\000c\000u\000s\000s\000i\000o\000n}{section.6}% 16
\BOOKMARK [2][-]{subsection.6.4}{\376\377\000C\000o\000s\000i\000n\000e\000\040\000t\000h\000r\000e\000s\000h\000o\000l\000d\000\040\000a\000b\000l\000a\000t\000i\000o\000n}{section.6}% 17
\BOOKMARK [2][-]{subsection.6.5}{\376\377\000C\000r\000o\000s\000s\000-\000M\000o\000d\000e\000l\000\040\000G\000e\000n\000e\000r\000a\000l\000i\000z\000a\000t\000i\000o\000n\000:\000\040\000Q\000w\000e\000n\0002\000.\0005\000-\0007\000B}{section.6}% 18
\BOOKMARK [2][-]{subsection.6.6}{\376\377\000V\000i\000d\000e\000o\000\040\000U\000n\000d\000e\000r\000s\000t\000a\000n\000d\000i\000n\000g\000:\000\040\000Q\000w\000e\000n\0002\000-\000V\000L}{section.6}% 19
\BOOKMARK [1][-]{section.7}{\376\377\000C\000o\000n\000c\000l\000u\000s\000i\000o\000n}{}% 20
\BOOKMARK [2][-]{subsection.7.1}{\376\377\000F\000u\000t\000u\000r\000e\000\040\000W\000o\000r\000k}{section.7}% 21
\BOOKMARK [1][-]{section*.13}{\376\377\000R\000e\000f\000e\000r\000e\000n\000c\000e\000s}{}% 22
\BOOKMARK [1][-]{section*.14}{\376\377\000A\000p\000p\000e\000n\000d\000i\000x\000\040\000A\000:\000\040\000P\000e\000r\000-\000H\000e\000a\000d\000\040\000\040\000C\000a\000l\000i\000b\000r\000a\000t\000i\000o\000n\000\040\000D\000e\000t\000a\000i\000l\000s}{}% 23
\BOOKMARK [1][-]{section*.15}{\376\377\000A\000p\000p\000e\000n\000d\000i\000x\000\040\000B\000:\000\040\000V\000i\000d\000e\000o\000-\000M\000M\000E\000\040\000A\000b\000l\000a\000t\000i\000o\000n\000s}{}% 24
